warning: ignoring unsupported tag 'PAGE_OUTLINE_PANEL' at line 1768, file /tmp/doxyfile.1rnxX2
warning: Tag 'DOT_TRANSPARENT' at line 2791 of file '/tmp/doxyfile.1rnxX2' has become obsolete.
         To avoid this warning please remove this line from your configuration file or upgrade it using "doxygen -u"
Doxygen version used: 1.10.0 (ebc57c6dd303a980bd19dd74b8b61c8f3f5180ca)
Searching for include files...
Searching for example files...
Searching for images...
Searching for dot files...
Searching for msc files...
Searching for dia files...
Searching for files to exclude
Searching INPUT for files to process...
Searching for files in directory /home/runner/work/hf-bno08x-driver/hf-bno08x-driver/src
Searching for files in directory /home/runner/work/hf-bno08x-driver/hf-bno08x-driver/src/dfu
Searching for files in directory /home/runner/work/hf-bno08x-driver/hf-bno08x-driver/src/sh2
Searching for files in directory /home/runner/work/hf-bno08x-driver/hf-bno08x-driver/inc
Searching for files in directory /home/runner/work/hf-bno08x-driver/hf-bno08x-driver/examples/esp32/main
Reading and parsing tag files
Parsing files
Preprocessing /home/runner/work/hf-bno08x-driver/hf-bno08x-driver/src/bno08x.cpp...
Parsing file /home/runner/work/hf-bno08x-driver/hf-bno08x-driver/src/bno08x.cpp...
Preprocessing /home/runner/work/hf-bno08x-driver/hf-bno08x-driver/src/dfu/firmware-bno.c...
Parsing file /home/runner/work/hf-bno08x-driver/hf-bno08x-driver/src/dfu/firmware-bno.c...
Preprocessing /home/runner/work/hf-bno08x-driver/hf-bno08x-driver/src/dfu/firmware.h...
Parsing file /home/runner/work/hf-bno08x-driver/hf-bno08x-driver/src/dfu/firmware.h...
Preprocessing /home/runner/work/hf-bno08x-driver/hf-bno08x-driver/src/dfu/HcBin.h...
Parsing file /home/runner/work/hf-bno08x-driver/hf-bno08x-driver/src/dfu/HcBin.h...
Preprocessing /home/runner/work/hf-bno08x-driver/hf-bno08x-driver/src/dfu/MemoryFirmware.hpp...
Parsing file /home/runner/work/hf-bno08x-driver/hf-bno08x-driver/src/dfu/MemoryFirmware.hpp...
Preprocessing /home/runner/work/hf-bno08x-driver/hf-bno08x-driver/inc/bno08x.hpp...
Parsing file /home/runner/work/hf-bno08x-driver/hf-bno08x-driver/inc/bno08x.hpp...
Preprocessing /home/runner/work/hf-bno08x-driver/hf-bno08x-driver/inc/bno08x_comm_interface.hpp...
Parsing file /home/runner/work/hf-bno08x-driver/hf-bno08x-driver/inc/bno08x_comm_interface.hpp...
Preprocessing /home/runner/work/hf-bno08x-driver/hf-bno08x-driver/examples/esp32/main/basic_polling_example.cpp...
Parsing file /home/runner/work/hf-bno08x-driver/hf-bno08x-driver/examples/esp32/main/basic_polling_example.cpp...
Preprocessing /home/runner/work/hf-bno08x-driver/hf-bno08x-driver/examples/esp32/main/dfu_example.cpp...
Parsing file /home/runner/work/hf-bno08x-driver/hf-bno08x-driver/examples/esp32/main/dfu_example.cpp...
Preprocessing /home/runner/work/hf-bno08x-driver/hf-bno08x-driver/examples/esp32/main/driver_integration_test.cpp...
Parsing file /home/runner/work/hf-bno08x-driver/hf-bno08x-driver/examples/esp32/main/driver_integration_test.cpp...
Preprocessing /home/runner/work/hf-bno08x-driver/hf-bno08x-driver/examples/esp32/main/esp32_bno08x_bus.hpp...
Parsing file /home/runner/work/hf-bno08x-driver/hf-bno08x-driver/examples/esp32/main/esp32_bno08x_bus.hpp...
Preprocessing /home/runner/work/hf-bno08x-driver/hf-bno08x-driver/examples/esp32/main/esp32_uart_rvc_bus.hpp...
Parsing file /home/runner/work/hf-bno08x-driver/hf-bno08x-driver/examples/esp32/main/esp32_uart_rvc_bus.hpp...
Preprocessing /home/runner/work/hf-bno08x-driver/hf-bno08x-driver/examples/esp32/main/event_driven_callback_example.cpp...
Parsing file /home/runner/work/hf-bno08x-driver/hf-bno08x-driver/examples/esp32/main/event_driven_callback_example.cpp...
Preprocessing /home/runner/work/hf-bno08x-driver/hf-bno08x-driver/examples/esp32/main/full_features_example.cpp...
Parsing file /home/runner/work/hf-bno08x-driver/hf-bno08x-driver/examples/esp32/main/full_features_example.cpp...
Preprocessing /home/runner/work/hf-bno08x-driver/hf-bno08x-driver/examples/esp32/main/rvc_mode_example.cpp...
Parsing file /home/runner/work/hf-bno08x-driver/hf-bno08x-driver/examples/esp32/main/rvc_mode_example.cpp...
Preprocessing /home/runner/work/hf-bno08x-driver/hf-bno08x-driver/examples/esp32/main/TestFramework.h...
Parsing file /home/runner/work/hf-bno08x-driver/hf-bno08x-driver/examples/esp32/main/TestFramework.h...
Reading //home/runner/work/hf-bno08x-driver/hf-bno08x-driver/src/bno08x.cpp:44: warning: member Begin belongs to two different groups. The second one found here will be ignored.
/home/runner/work/hf-bno08x-driver/hf-bno08x-driver/src/bno08x.cpp:84: warning: member EnableSensor belongs to two different groups. The second one found here will be ignored.
/home/runner/work/hf-bno08x-driver/hf-bno08x-driver/src/bno08x.cpp:97: warning: member DisableSensor belongs to two different groups. The second one found here will be ignored.
/home/runner/work/hf-bno08x-driver/hf-bno08x-driver/src/bno08x.cpp:105: warning: member SetCallback belongs to two different groups. The second one found here will be ignored.
/home/runner/work/hf-bno08x-driver/hf-bno08x-driver/src/bno08x.cpp:111: warning: member SetRvcCallback belongs to two different groups. The second one found here will be ignored.
/home/runner/work/hf-bno08x-driver/hf-bno08x-driver/src/bno08x.cpp:117: warning: member HasNewData belongs to two different groups. The second one found here will be ignored.
/home/runner/work/hf-bno08x-driver/hf-bno08x-driver/src/bno08x.cpp:129: warning: member GetLatest belongs to two different groups. The second one found here will be ignored.
/home/runner/work/hf-bno08x-driver/hf-bno08x-driver/src/bno08x.cpp:197: warning: member Update belongs to two different groups. The second one found here will be ignored.
/home/runner/work/hf-bno08x-driver/hf-bno08x-driver/src/bno08x.cpp:207: warning: member halOpen belongs to two different groups. The second one found here will be ignored.
/home/runner/work/hf-bno08x-driver/hf-bno08x-driver/src/bno08x.cpp:214: warning: member halClose belongs to two different groups. The second one found here will be ignored.
/home/runner/work/hf-bno08x-driver/hf-bno08x-driver/src/bno08x.cpp:220: warning: member halRead belongs to two different groups. The second one found here will be ignored.
/home/runner/work/hf-bno08x-driver/hf-bno08x-driver/src/bno08x.cpp:229: warning: member halWrite belongs to two different groups. The second one found here will be ignored.
/home/runner/work/hf-bno08x-driver/hf-bno08x-driver/src/bno08x.cpp:235: warning: member halGetTimeUs belongs to two different groups. The second one found here will be ignored.
/home/runner/work/hf-bno08x-driver/hf-bno08x-driver/src/bno08x.cpp:243: warning: member sensorC belongs to two different groups. The second one found here will be ignored.
/home/runner/work/hf-bno08x-driver/hf-bno08x-driver/src/bno08x.cpp:249: warning: member asyncC belongs to two different groups. The second one found here will be ignored.
/home/runner/work/hf-bno08x-driver/hf-bno08x-driver/src/bno08x.cpp:260: warning: member handleSensorEvent belongs to two different groups. The second one found here will be ignored.
/home/runner/work/hf-bno08x-driver/hf-bno08x-driver/src/bno08x.cpp:281: warning: member handleAsyncEvent belongs to two different groups. The second one found here will be ignored.
/home/runner/work/hf-bno08x-driver/hf-bno08x-driver/src/bno08x.cpp:300: warning: member configure belongs to two different groups. The second one found here will be ignored.
/home/runner/work/hf-bno08x-driver/hf-bno08x-driver/src/bno08x.cpp:328: warning: member HardwareReset belongs to two different groups. The second one found here will be ignored.
/home/runner/work/hf-bno08x-driver/hf-bno08x-driver/src/bno08x.cpp:337: warning: member SetBootPin belongs to two different groups. The second one found here will be ignored.
/home/runner/work/hf-bno08x-driver/hf-bno08x-driver/src/bno08x.cpp:341: warning: member SetWakePin belongs to two different groups. The second one found here will be ignored.
/home/runner/work/hf-bno08x-driver/hf-bno08x-driver/src/bno08x.cpp:350: warning: member SelectInterface belongs to two different groups. The second one found here will be ignored.
/home/runner/work/hf-bno08x-driver/hf-bno08x-driver/src/bno08x.cpp:386: warning: member BeginRvc belongs to two different groups. The second one found here will be ignored.
/home/runner/work/hf-bno08x-driver/hf-bno08x-driver/src/bno08x.cpp:404: warning: member ServiceRvc belongs to two different groups. The second one found here will be ignored.
/home/runner/work/hf-bno08x-driver/hf-bno08x-driver/src/bno08x.cpp:415: warning: member CloseRvc belongs to two different groups. The second one found here will be ignored.
/home/runner/work/hf-bno08x-driver/hf-bno08x-driver/src/bno08x.cpp:434: warning: member rvcProcessByte belongs to two different groups. The second one found here will be ignored.
/home/runner/work/hf-bno08x-driver/hf-bno08x-driver/src/bno08x.cpp:478: warning: member decodeRvc belongs to two different groups. The second one found here will be ignored.
/home/runner/work/hf-bno08x-driver/hf-bno08x-driver/examples/esp32/main/TestFramework.h:383: warning: The following parameter of print_test_section_footer(const char *tag, const char *section_name, bool enabled=true) is not documented:
  parameter 'tag'
/home/runner/work/hf-bno08x-driver/hf-bno08x-driver/examples/esp32/main/TestFramework.h:357: warning: The following parameter of print_test_section_header(const char *tag, const char *section_name, bool enabled=true) is not documented:
  parameter 'tag'
/home/runner/work/hf-bno08x-driver/hf-bno08x-driver/examples/esp32/main/TestFramework.h:341: warning: argument 'test_results' of command @param is not found in the argument list of print_test_section_status(const char *tag, const char *test_suite_name)
/home/runner/work/hf-bno08x-driver/hf-bno08x-driver/examples/esp32/main/TestFramework.h:341: warning: The following parameter of print_test_section_status(const char *tag, const char *test_suite_name) is not documented:
  parameter 'tag'
/home/runner/work/hf-bno08x-driver/hf-bno08x-driver/examples/esp32/main/TestFramework.h:321: warning: The following parameter of print_test_summary(const TestResults &test_results, const char *test_suite_name, const char *tag) is not documented:
  parameter 'tag'
/home/runner/work/hf-bno08x-driver/hf-bno08x-driver/src/bno08x.cpp:608: warning: argument 'fw' from the argument list of BNO085::Dfu has multiple @param documentation sections
home/runner/work/hf-bno08x-driver/hf-bno08x-driver/README.md...
Building macro definition list...
Building group list...
Building directory list...
Building namespace list...
Building file list...
Building class list...
Building concept list...
Computing nesting relations for classes...
Associating documentation with classes...
Associating documentation with concepts...
Associating documentation with modules...
Building example list...
Searching for enumerations...
Searching for documented typedefs...
Searching for members imported via using declarations...
Searching for included using directives...
Searching for documented variables...
Building interface member list...
Building member list...
Searching for friends...
Searching for documented defines...
Computing class inheritance relations...
Computing class usage relations...
Flushing cached template relations that have become invalid...
Computing class relations...
Add enum values to enums...
Searching for member function documentation...
Creating members for template instances...
Building page list...
Search for main page...
Computing page relations...
Determining the scope of groups...
Computing module relations...
Sorting lists...
Determining which enums are documented
Computing member relations...
Building full member lists recursively...
Adding members to member groups.
Computing member references...
Inheriting documentation...
Generating disk names...
Adding source references...
Adding xrefitems...
Sorting member lists...
Setting anonymous enum type...
Computing dependencies between directories...
Generating citations page...
Counting members...
Counting data structures...
Resolving user defined references...
Finding anchors and sections in the documentation...
Transferring function references...
Combining using relations...
Adding members to index pages...
Correcting members for VHDL...
Computing tooltip texts...
Generating style sheet...
Generating search indices...
Generating example documentation...
Generating file sources...
Generating code for file examples/esp32/main/esp32_bno08x_bus.hpp...
Generating code for file examples/esp32/main/esp32_uart_rvc_bus.hpp...
Generating code for file examples/esp32/main/TestFramework.h...
Generating code for file inc/bno08x.hpp...
Generating code for file inc/bno08x_comm_interface.hpp...
Generating code for file src/bno08x.cpp...
Generating code for file src/dfu/firmware.h...
Generating code for file src/dfu/HcBin.h...
Generating code for file src/dfu/MemoryFirmware.hpp...
Generating file documentation...
Generating docs for file examples/esp32/main/basic_polling_example.cpp...
Generating docs for file examples/esp32/main/dfu_example.cpp...
Generating docs for file examples/esp32/main/driver_integration_test.cpp...
Generating docs for file examples/esp32/main/esp32_bno08x_bus.hpp...
Generating docs for file examples/esp32/main/esp32_uart_rvc_bus.hpp...
Generating docs for file examples/esp32/main/event_driven_callback_example.cpp...
Generating docs for file examples/esp32/main/full_features_example.cpp...
Generating docs for file examples/esp32/main/rvc_mode_example.cpp...
Generating docs for file examples/esp32/main/TestFramework.h...
Generating docs for file inc/bno08x.hpp...
Generating docs for file inc/bno08x_comm_interface.hpp...
Generating docs for file README.md...
Generating docs for file src/bno08x.cpp...
Generating docs for file src/dfu/firmware-bno.c...
Generating docs for file src/dfu/firmware.h...
Generating docs for file src/dfu/HcBin.h...
Generating docs for file src/dfu/MemoryFirmware.hpp...
Generating page documentation...
Generating group documentation...
Generating class documentation...
Generating docs for compound BNO085...
Generating docs for compound Esp32Bno08xBus...
Generating docs for nested compound Esp32Bno08xBus::I2CConfig...
Generating docs for compound Esp32UartRvcBus...
Generating docs for nested compound Esp32UartRvcBus::UartConfig...
Generating docs for compound HcBin_s...
Generating docs for compound HcbinMetadata...
Generating docs for compound MemoryFirmware...
Generating docs for com/home/runner/work/hf-bno08x-driver/hf-bno08x-driver/README.md:12: warning: unable to resolve reference to '-overview' for \ref command
/home/runner/work/hf-bno08x-driver/hf-bno08x-driver/README.md:13: warning: unable to resolve reference to '-features' for \ref command
/home/runner/work/hf-bno08x-driver/hf-bno08x-driver/README.md:14: warning: unable to resolve reference to '-quick-start' for \ref command
/home/runner/work/hf-bno08x-driver/hf-bno08x-driver/README.md:15: warning: unable to resolve reference to '-installation' for \ref command
/home/runner/work/hf-bno08x-driver/hf-bno08x-driver/README.md:16: warning: unable to resolve reference to '-api-reference' for \ref command
/home/runner/work/hf-bno08x-driver/hf-bno08x-driver/README.md:17: warning: unable to resolve reference to '-examples' for \ref command
/home/runner/work/hf-bno08x-driver/hf-bno08x-driver/README.md:18: warning: unable to resolve reference to '-documentation' for \ref command
/home/runner/work/hf-bno08x-driver/hf-bno08x-driver/README.md:19: warning: unable to resolve reference to '-contributing' for \ref command
/home/runner/work/hf-bno08x-driver/hf-bno08x-driver/README.md:20: warning: unable to resolve reference to '-license' for \ref command
/home/runner/work/hf-bno08x-driver/hf-bno08x-driver/README.md:81: warning: unable to resolve reference to '/home/runner/work/hf-bno08x-driver/hf-bno08x-driver/docs/installation.md' for \ref command
/home/runner/work/hf-bno08x-driver/hf-bno08x-driver/README.md:81: warning: unable to resolve reference to '/home/runner/work/hf-bno08x-driver/hf-bno08x-driver/docs/quickstart.md' for \ref command
/home/runner/work/hf-bno08x-driver/hf-bno08x-driver/README.md:86: warning: unable to resolve reference to '/home/runner/work/hf-bno08x-driver/hf-bno08x-driver/docs/platform_integration.md' for \ref command
/home/runner/work/hf-bno08x-driver/hf-bno08x-driver/README.md:93: warning: unable to resolve reference to '/home/runner/work/hf-bno08x-driver/hf-bno08x-driver/docs/installation.md' for \ref command
/home/runner/work/hf-bno08x-driver/hf-bno08x-driver/README.md:107: warning: unable to resolve reference to '/home/runner/work/hf-bno08x-driver/hf-bno08x-driver/docs/api_reference.md' for \ref command
/home/runner/work/hf-bno08x-driver/hf-bno08x-driver/README.md:113: warning: unable to resolve reference to '/home/runner/work/hf-bno08x-driver/hf-bno08x-driver/docs/examples.md' for \ref command
/home/runner/work/hf-bno08x-driver/hf-bno08x-driver/README.md:117: warning: unable to resolve reference to '/home/runner/work/hf-bno08x-driver/hf-bno08x-driver/docs/index.md' for \ref command
/home/runner/work/hf-bno08x-driver/hf-bno08x-driver/README.md:121: warning: unable to resolve reference to '/home/runner/work/hf-bno08x-driver/hf-bno08x-driver/docs/special_feature_rvc.md' for \ref command
/home/runner/work/hf-bno08x-driver/hf-bno08x-driver/README.md:122: warning: unable to resolve reference to '/home/runner/work/hf-bno08x-driver/hf-bno08x-driver/docs/special_feature_dfu.md' for \ref command
pound Quaternion...
Generating docs for compound RvcSensorEvent...
Generating docs for compound RvcSensorValue...
Generating docs for compound SensorEvent...
Generating docs for compound TapEvent...
Generating docs for compound TestResults...
Generating docs for compound TestTaskContext...
Generating docs for compound Vector3...
Generating concept documentation...
Generating module documentation...
Generating namespace documentation...
Generating docs for namespace bno08x
Generating docs for compound bno08x::CommInterface...
Generating graph info page...
Generating directory documentation...
Generating dependency graph for directory src/dfu
Generating dependency graph for directory examples/esp32
Generating dependency graph for directory examples
Generating dependency graph for directory inc
Generating dependency graph for directory examples/esp32/main
Generating dependency graph for directory src
Generating index page...
Generating main page...
Generating page index...
Generating topic index...
Generating module index...
Generating module member index...
Generating namespace index...
Generating namespace member index...
Generating concept index...
Generating annotated compound index...
Generating alphabetical compound index...
Generating hierarchical class index...
Generating graphical class hierarchy...
Generating member index...
Generating file index...
Generating file member index...
Generating example index...
finalizing index lists...
writing tag file...
Running plantuml with JAVA...
Running dot...
Generating dot graphs using 5 parallel threads...
Running dot for graph 1/38
Running dot for graph 2/38
Running dot for graph 3/38
Running dot for graph 4/38
Running dot for graph 5/38
Running dot for graph 6/38
Running dot for graph 7/38
Running dot for graph 8/38
Running dot for graph 9/38
Running dot for graph 10/38
Running dot for graph 11/38
Running dot for graph 12/38
Running dot for graph 13/38
Running dot for graph 14/38
Running dot for graph 15/38
Running dot for graph 16/38
Running dot for graph 17/38
Running dot for graph 18/38
Running dot for graph 19/38
Running dot for graph 20/38
Running dot for graph 21/38
Running dot for graph 22/38
Running dot for graph 23/38
Running dot for graph 24/38
Running dot for graph 25/38
Running dot for graph 26/38
Running dot for graph 27/38
Running dot for graph 28/38
Running dot for graph 29/38
Running dot for graph 30/38
Running dot for graph 31/38
Running dot for graph 32/38
Running dot for graph 33/38
Running dot for graph 34/38
Running dot for graph 35/38
Running dot for graph 36/38
Running dot for graph 37/38
Running dot for graph 38/38
Patching output file 1/59
Patching output file 2/59
Patching output file 3/59
Patching output file 4/59
Patching output file 5/59
Patching output file 6/59
Patching output file 7/59
Patching output file 8/59
Patching output file 9/59
Patching output file 10/59
Patching output file 11/59
Patching output file 12/59
Patching output file 13/59
Patching output file 14/59
Patching output file 15/59
Patching output file 16/59
Patching output file 17/59
Patching output file 18/59
Patching output file 19/59
Patching output file 20/59
Patching output file 21/59
Patching output file 22/59
Patching output file 23/59
Patching output file 24/59
Patching output file 25/59
Patching output file 26/59
Patching output file 27/59
Patching output file 28/59
Patching output file 29/59
Patching output file 30/59
Patching output file 31/59
Patching output file 32/59
Patching output file 33/59
Patching output file 34/59
Patching output file 35/59
Patching output file 36/59
Patching output file 37/59
Patching output file 38/59
Patching output file 39/59
Patching output file 40/59
Patching output file 41/59
Patching output file 42/59
Patching output file 43/59
Patching output file 44/59
Patching output file 45/59
Patching output file 46/59
Patching output file 47/59
Patching output file 48/59
Patching output file 49/59
Patching output file 50/59
Patching output file 51/59
Patching output file 52/59
Patching output file 53/59
Patching output file 54/59
Patching output file 55/59
Patching output file 56/59
Patching output file 57/59
Patching output file 58/59
Patching output file 59/59
type lookup cache used 483/65536 hits=868 misses=499
symbol lookup cache used 559/65536 hits=2562 misses=559
finished...
